{
  "name": "test-app-for-bower-freeze",
  "description": "Use me for testing",
  "private": true,
  "dependencies": {
    "es5-shim": "4.0.6"
  },
  "devDependencies": {
    "es5-shim": "4.0.6"
  },
  "resolutions": {
    "es5-shim": "4.0.6"
  }
}